Input #0, hevc, from '/work/edge-visible-rect-poc.h265':
  Duration: N/A, bitrate: N/A
  Stream #0:0: Video: hevc, yuv420p(tv), 1928x1088 [SAR 1:1 DAR 241:136], 25 fps, 10 tbr, 1200k tbn
[STREAM]
index=0
codec_name=hevc
codec_long_name=unknown
profile=1
codec_type=video
codec_tag_string=[0][0][0][0]
codec_tag=0x0000
width=1928
height=1088
coded_width=1952
coded_height=1088
closed_captions=0
film_grain=0
has_b_frames=0
sample_aspect_ratio=1:1
display_aspect_ratio=241:136
pix_fmt=yuv420p
level=120
color_range=tv
color_space=unknown
color_transfer=unknown
color_primaries=unknown
chroma_location=left
field_order=unknown
refs=1
id=N/A
r_frame_rate=10/1
avg_frame_rate=25/1
time_base=1/1200000
start_pts=N/A
start_time=N/A
duration_ts=N/A
duration=N/A
bit_rate=N/A
max_bit_rate=N/A
bits_per_raw_sample=N/A
nb_frames=N/A
nb_read_frames=N/A
nb_read_packets=N/A
extradata_size=85
DISPOSITION:default=0
DISPOSITION:dub=0
DISPOSITION:original=0
DISPOSITION:comment=0
DISPOSITION:lyrics=0
DISPOSITION:karaoke=0
DISPOSITION:forced=0
DISPOSITION:hearing_impaired=0
DISPOSITION:visual_impaired=0
DISPOSITION:clean_effects=0
DISPOSITION:attached_pic=0
DISPOSITION:timed_thumbnails=0
DISPOSITION:non_diegetic=0
DISPOSITION:captions=0
DISPOSITION:descriptions=0
DISPOSITION:metadata=0
DISPOSITION:dependent=0
DISPOSITION:still_image=0
[/STREAM]
