Input #0, hevc, from '/work/edge-visible-rect-poc.h265':
  Duration: N/A, bitrate: N/A
  Stream #0:0: Video: hevc, yuv420p(tv), 1928x1088 [SAR 1:1 DAR 241:136], 25 fps, 10 tbr, 1200k tbn
[trace_headers @ 0x7ffffd043f80] Extradata
[trace_headers @ 0x7ffffd043f80] Video Parameter Set
[trace_headers @ 0x7ffffd043f80] 0           forbidden_zero_bit                                          0 = 0
[trace_headers @ 0x7ffffd043f80] 1           nal_unit_type                                          100000 = 32
[trace_headers @ 0x7ffffd043f80] 7           nuh_layer_id                                           000000 = 0
[trace_headers @ 0x7ffffd043f80] 13          nuh_temporal_id_plus1                                     001 = 1
[trace_headers @ 0x7ffffd043f80] 16          vps_video_parameter_set_id                               0000 = 0
[trace_headers @ 0x7ffffd043f80] 20          vps_base_layer_internal_flag                                1 = 1
[trace_headers @ 0x7ffffd043f80] 21          vps_base_layer_available_flag                               1 = 1
[trace_headers @ 0x7ffffd043f80] 22          vps_max_layers_minus1                                  000000 = 0
[trace_headers @ 0x7ffffd043f80] 28          vps_max_sub_layers_minus1                                 000 = 0
[trace_headers @ 0x7ffffd043f80] 31          vps_temporal_id_nesting_flag                                1 = 1
[trace_headers @ 0x7ffffd043f80] 32          vps_reserved_0xffff_16bits                   1111111111111111 = 65535
[trace_headers @ 0x7ffffd043f80] 48          general_profile_space                                      00 = 0
[trace_headers @ 0x7ffffd043f80] 50          general_tier_flag                                           0 = 0
[trace_headers @ 0x7ffffd043f80] 51          general_profile_idc                                     00001 = 1
[trace_headers @ 0x7ffffd043f80] 56          general_profile_compatibility_flag[0]                       0 = 0
[trace_headers @ 0x7ffffd043f80] 57          general_profile_compatibility_flag[1]                       1 = 1
[trace_headers @ 0x7ffffd043f80] 58          general_profile_compatibility_flag[2]                       1 = 1
[trace_headers @ 0x7ffffd043f80] 59          general_profile_compatibility_flag[3]                       0 = 0
[trace_headers @ 0x7ffffd043f80] 60          general_profile_compatibility_flag[4]                       0 = 0
[trace_headers @ 0x7ffffd043f80] 61          general_profile_compatibility_flag[5]                       0 = 0
[trace_headers @ 0x7ffffd043f80] 62          general_profile_compatibility_flag[6]                       0 = 0
[trace_headers @ 0x7ffffd043f80] 63          general_profile_compatibility_flag[7]                       0 = 0
[trace_headers @ 0x7ffffd043f80] 64          general_profile_compatibility_flag[8]                       0 = 0
[trace_headers @ 0x7ffffd043f80] 65          general_profile_compatibility_flag[9]                       0 = 0
[trace_headers @ 0x7ffffd043f80] 66          general_profile_compatibility_flag[10]                      0 = 0
[trace_headers @ 0x7ffffd043f80] 67          general_profile_compatibility_flag[11]                      0 = 0
[trace_headers @ 0x7ffffd043f80] 68          general_profile_compatibility_flag[12]                      0 = 0
[trace_headers @ 0x7ffffd043f80] 69          general_profile_compatibility_flag[13]                      0 = 0
[trace_headers @ 0x7ffffd043f80] 70          general_profile_compatibility_flag[14]                      0 = 0
[trace_headers @ 0x7ffffd043f80] 71          general_profile_compatibility_flag[15]                      0 = 0
[trace_headers @ 0x7ffffd043f80] 72          general_profile_compatibility_flag[16]                      0 = 0
[trace_headers @ 0x7ffffd043f80] 73          general_profile_compatibility_flag[17]                      0 = 0
[trace_headers @ 0x7ffffd043f80] 74          general_profile_compatibility_flag[18]                      0 = 0
[trace_headers @ 0x7ffffd043f80] 75          general_profile_compatibility_flag[19]                      0 = 0
[trace_headers @ 0x7ffffd043f80] 76          general_profile_compatibility_flag[20]                      0 = 0
[trace_headers @ 0x7ffffd043f80] 77          general_profile_compatibility_flag[21]                      0 = 0
[trace_headers @ 0x7ffffd043f80] 78          general_profile_compatibility_flag[22]                      0 = 0
[trace_headers @ 0x7ffffd043f80] 79          general_profile_compatibility_flag[23]                      0 = 0
[trace_headers @ 0x7ffffd043f80] 80          general_profile_compatibility_flag[24]                      0 = 0
[trace_headers @ 0x7ffffd043f80] 81          general_profile_compatibility_flag[25]                      0 = 0
[trace_headers @ 0x7ffffd043f80] 82          general_profile_compatibility_flag[26]                      0 = 0
[trace_headers @ 0x7ffffd043f80] 83          general_profile_compatibility_flag[27]                      0 = 0
[trace_headers @ 0x7ffffd043f80] 84          general_profile_compatibility_flag[28]                      0 = 0
[trace_headers @ 0x7ffffd043f80] 85          general_profile_compatibility_flag[29]                      0 = 0
[trace_headers @ 0x7ffffd043f80] 86          general_profile_compatibility_flag[30]                      0 = 0
[trace_headers @ 0x7ffffd043f80] 87          general_profile_compatibility_flag[31]                      0 = 0
[trace_headers @ 0x7ffffd043f80] 88          general_progressive_source_flag                             1 = 1
[trace_headers @ 0x7ffffd043f80] 89          general_interlaced_source_flag                              0 = 0
[trace_headers @ 0x7ffffd043f80] 90          general_non_packed_constraint_flag                          0 = 0
[trace_headers @ 0x7ffffd043f80] 91          general_frame_only_constraint_flag                          1 = 1
[trace_headers @ 0x7ffffd043f80] 92          general_reserved_zero_7bits                           0000000 = 0
[trace_headers @ 0x7ffffd043f80] 99          general_one_picture_only_constraint_flag                    0 = 0
[trace_headers @ 0x7ffffd043f80] 100         general_reserved_zero_35bits         000000000000000000000000 = 0
[trace_headers @ 0x7ffffd043f80] 124         general_reserved_zero_35bits                      00000000000 = 0
[trace_headers @ 0x7ffffd043f80] 135         general_inbld_flag                                          0 = 0
[trace_headers @ 0x7ffffd043f80] 136         general_level_idc                                    01111000 = 120
[trace_headers @ 0x7ffffd043f80] 144         vps_sub_layer_ordering_info_present_flag                    1 = 1
[trace_headers @ 0x7ffffd043f80] 145         vps_max_dec_pic_buffering_minus1[0]                       011 = 2
[trace_headers @ 0x7ffffd043f80] 148         vps_max_num_reorder_pics[0]                                 1 = 0
[trace_headers @ 0x7ffffd043f80] 149         vps_max_latency_increase_plus1[0]                         010 = 1
[trace_headers @ 0x7ffffd043f80] 152         vps_max_layer_id                                       000000 = 0
[trace_headers @ 0x7ffffd043f80] 158         vps_num_layer_sets_minus1                                   1 = 0
[trace_headers @ 0x7ffffd043f80] 159         vps_timing_info_present_flag                                0 = 0
[trace_headers @ 0x7ffffd043f80] 160         vps_extension_flag                                          0 = 0
[trace_headers @ 0x7ffffd043f80] 161         rbsp_stop_one_bit                                           1 = 1
[trace_headers @ 0x7ffffd043f80] 162         rbsp_alignment_zero_bit                                     0 = 0
[trace_headers @ 0x7ffffd043f80] 163         rbsp_alignment_zero_bit                                     0 = 0
[trace_headers @ 0x7ffffd043f80] 164         rbsp_alignment_zero_bit                                     0 = 0
[trace_headers @ 0x7ffffd043f80] 165         rbsp_alignment_zero_bit                                     0 = 0
[trace_headers @ 0x7ffffd043f80] 166         rbsp_alignment_zero_bit                                     0 = 0
[trace_headers @ 0x7ffffd043f80] 167         rbsp_alignment_zero_bit                                     0 = 0
[trace_headers @ 0x7ffffd043f80] Sequence Parameter Set
[trace_headers @ 0x7ffffd043f80] 0           forbidden_zero_bit                                          0 = 0
[trace_headers @ 0x7ffffd043f80] 1           nal_unit_type                                          100001 = 33
[trace_headers @ 0x7ffffd043f80] 7           nuh_layer_id                                           000000 = 0
[trace_headers @ 0x7ffffd043f80] 13          nuh_temporal_id_plus1                                     001 = 1
[trace_headers @ 0x7ffffd043f80] 16          sps_video_parameter_set_id                               0000 = 0
[trace_headers @ 0x7ffffd043f80] 20          sps_max_sub_layers_minus1                                 000 = 0
[trace_headers @ 0x7ffffd043f80] 23          sps_temporal_id_nesting_flag                                1 = 1
[trace_headers @ 0x7ffffd043f80] 24          general_profile_space                                      00 = 0
[trace_headers @ 0x7ffffd043f80] 26          general_tier_flag                                           0 = 0
[trace_headers @ 0x7ffffd043f80] 27          general_profile_idc                                     00001 = 1
[trace_headers @ 0x7ffffd043f80] 32          general_profile_compatibility_flag[0]                       0 = 0
[trace_headers @ 0x7ffffd043f80] 33          general_profile_compatibility_flag[1]                       1 = 1
[trace_headers @ 0x7ffffd043f80] 34          general_profile_compatibility_flag[2]                       1 = 1
[trace_headers @ 0x7ffffd043f80] 35          general_profile_compatibility_flag[3]                       0 = 0
[trace_headers @ 0x7ffffd043f80] 36          general_profile_compatibility_flag[4]                       0 = 0
[trace_headers @ 0x7ffffd043f80] 37          general_profile_compatibility_flag[5]                       0 = 0
[trace_headers @ 0x7ffffd043f80] 38          general_profile_compatibility_flag[6]                       0 = 0
[trace_headers @ 0x7ffffd043f80] 39          general_profile_compatibility_flag[7]                       0 = 0
[trace_headers @ 0x7ffffd043f80] 40          general_profile_compatibility_flag[8]                       0 = 0
[trace_headers @ 0x7ffffd043f80] 41          general_profile_compatibility_flag[9]                       0 = 0
[trace_headers @ 0x7ffffd043f80] 42          general_profile_compatibility_flag[10]                      0 = 0
[trace_headers @ 0x7ffffd043f80] 43          general_profile_compatibility_flag[11]                      0 = 0
[trace_headers @ 0x7ffffd043f80] 44          general_profile_compatibility_flag[12]                      0 = 0
[trace_headers @ 0x7ffffd043f80] 45          general_profile_compatibility_flag[13]                      0 = 0
[trace_headers @ 0x7ffffd043f80] 46          general_profile_compatibility_flag[14]                      0 = 0
[trace_headers @ 0x7ffffd043f80] 47          general_profile_compatibility_flag[15]                      0 = 0
[trace_headers @ 0x7ffffd043f80] 48          general_profile_compatibility_flag[16]                      0 = 0
[trace_headers @ 0x7ffffd043f80] 49          general_profile_compatibility_flag[17]                      0 = 0
[trace_headers @ 0x7ffffd043f80] 50          general_profile_compatibility_flag[18]                      0 = 0
[trace_headers @ 0x7ffffd043f80] 51          general_profile_compatibility_flag[19]                      0 = 0
[trace_headers @ 0x7ffffd043f80] 52          general_profile_compatibility_flag[20]                      0 = 0
[trace_headers @ 0x7ffffd043f80] 53          general_profile_compatibility_flag[21]                      0 = 0
[trace_headers @ 0x7ffffd043f80] 54          general_profile_compatibility_flag[22]                      0 = 0
[trace_headers @ 0x7ffffd043f80] 55          general_profile_compatibility_flag[23]                      0 = 0
[trace_headers @ 0x7ffffd043f80] 56          general_profile_compatibility_flag[24]                      0 = 0
[trace_headers @ 0x7ffffd043f80] 57          general_profile_compatibility_flag[25]                      0 = 0
[trace_headers @ 0x7ffffd043f80] 58          general_profile_compatibility_flag[26]                      0 = 0
[trace_headers @ 0x7ffffd043f80] 59          general_profile_compatibility_flag[27]                      0 = 0
[trace_headers @ 0x7ffffd043f80] 60          general_profile_compatibility_flag[28]                      0 = 0
[trace_headers @ 0x7ffffd043f80] 61          general_profile_compatibility_flag[29]                      0 = 0
[trace_headers @ 0x7ffffd043f80] 62          general_profile_compatibility_flag[30]                      0 = 0
[trace_headers @ 0x7ffffd043f80] 63          general_profile_compatibility_flag[31]                      0 = 0
[trace_headers @ 0x7ffffd043f80] 64          general_progressive_source_flag                             1 = 1
[trace_headers @ 0x7ffffd043f80] 65          general_interlaced_source_flag                              0 = 0
[trace_headers @ 0x7ffffd043f80] 66          general_non_packed_constraint_flag                          0 = 0
[trace_headers @ 0x7ffffd043f80] 67          general_frame_only_constraint_flag                          1 = 1
[trace_headers @ 0x7ffffd043f80] 68          general_reserved_zero_7bits                           0000000 = 0
[trace_headers @ 0x7ffffd043f80] 75          general_one_picture_only_constraint_flag                    0 = 0
[trace_headers @ 0x7ffffd043f80] 76          general_reserved_zero_35bits         000000000000000000000000 = 0
[trace_headers @ 0x7ffffd043f80] 100         general_reserved_zero_35bits                      00000000000 = 0
[trace_headers @ 0x7ffffd043f80] 111         general_inbld_flag                                          0 = 0
[trace_headers @ 0x7ffffd043f80] 112         general_level_idc                                    01111000 = 120
[trace_headers @ 0x7ffffd043f80] 120         sps_seq_parameter_set_id                                    1 = 0
[trace_headers @ 0x7ffffd043f80] 121         chroma_format_idc                                         010 = 1
[trace_headers @ 0x7ffffd043f80] 124         pic_width_in_luma_samples               000000000011110100001 = 1952
[trace_headers @ 0x7ffffd043f80] 145         pic_height_in_luma_samples              000000000010001000001 = 1088
[trace_headers @ 0x7ffffd043f80] 166         conformance_window_flag                                     1 = 1
[trace_headers @ 0x7ffffd043f80] 167         conf_win_left_offset                                        1 = 0
[trace_headers @ 0x7ffffd043f80] 168         conf_win_right_offset                                 0001101 = 12
[trace_headers @ 0x7ffffd043f80] 175         conf_win_top_offset                                         1 = 0
[trace_headers @ 0x7ffffd043f80] 176         conf_win_bottom_offset                                      1 = 0
[trace_headers @ 0x7ffffd043f80] 177         bit_depth_luma_minus8                                       1 = 0
[trace_headers @ 0x7ffffd043f80] 178         bit_depth_chroma_minus8                                     1 = 0
[trace_headers @ 0x7ffffd043f80] 179         log2_max_pic_order_cnt_lsb_minus4                       00101 = 4
[trace_headers @ 0x7ffffd043f80] 184         sps_sub_layer_ordering_info_present_flag                    1 = 1
[trace_headers @ 0x7ffffd043f80] 185         sps_max_dec_pic_buffering_minus1[0]                       011 = 2
[trace_headers @ 0x7ffffd043f80] 188         sps_max_num_reorder_pics[0]                                 1 = 0
[trace_headers @ 0x7ffffd043f80] 189         sps_max_latency_increase_plus1[0]                         010 = 1
[trace_headers @ 0x7ffffd043f80] 192         log2_min_luma_coding_block_size_minus3                    010 = 1
[trace_headers @ 0x7ffffd043f80] 195         log2_diff_max_min_luma_coding_block_size                  010 = 1
[trace_headers @ 0x7ffffd043f80] 198         log2_min_luma_transform_block_size_minus2                   1 = 0
[trace_headers @ 0x7ffffd043f80] 199         log2_diff_max_min_luma_transform_block_size             00100 = 3
[trace_headers @ 0x7ffffd043f80] 204         max_transform_hierarchy_depth_inter                         1 = 0
[trace_headers @ 0x7ffffd043f80] 205         max_transform_hierarchy_depth_intra                         1 = 0
[trace_headers @ 0x7ffffd043f80] 206         scaling_list_enabled_flag                                   0 = 0
[trace_headers @ 0x7ffffd043f80] 207         amp_enabled_flag                                            0 = 0
[trace_headers @ 0x7ffffd043f80] 208         sample_adaptive_offset_enabled_flag                         0 = 0
[trace_headers @ 0x7ffffd043f80] 209         pcm_enabled_flag                                            0 = 0
[trace_headers @ 0x7ffffd043f80] 210         num_short_term_ref_pic_sets                                 1 = 0
[trace_headers @ 0x7ffffd043f80] 211         long_term_ref_pics_present_flag                             0 = 0
[trace_headers @ 0x7ffffd043f80] 212         sps_temporal_mvp_enabled_flag                               1 = 1
[trace_headers @ 0x7ffffd043f80] 213         strong_intra_smoothing_enabled_flag                         1 = 1
[trace_headers @ 0x7ffffd043f80] 214         vui_parameters_present_flag                                 1 = 1
[trace_headers @ 0x7ffffd043f80] 215         aspect_ratio_info_present_flag                              1 = 1
[trace_headers @ 0x7ffffd043f80] 216         aspect_ratio_idc                                     00000001 = 1
[trace_headers @ 0x7ffffd043f80] 224         overscan_info_present_flag                                  0 = 0
[trace_headers @ 0x7ffffd043f80] 225         video_signal_type_present_flag                              1 = 1
[trace_headers @ 0x7ffffd043f80] 226         video_format                                              101 = 5
[trace_headers @ 0x7ffffd043f80] 229         video_full_range_flag                                       0 = 0
[trace_headers @ 0x7ffffd043f80] 230         colour_description_present_flag                             0 = 0
[trace_headers @ 0x7ffffd043f80] 231         chroma_loc_info_present_flag                                0 = 0
[trace_headers @ 0x7ffffd043f80] 232         neutral_chroma_indication_flag                              0 = 0
[trace_headers @ 0x7ffffd043f80] 233         field_seq_flag                                              0 = 0
[trace_headers @ 0x7ffffd043f80] 234         frame_field_info_present_flag                               0 = 0
[trace_headers @ 0x7ffffd043f80] 235         default_display_window_flag                                 0 = 0
[trace_headers @ 0x7ffffd043f80] 236         vui_timing_info_present_flag                                1 = 1
[trace_headers @ 0x7ffffd043f80] 237         vui_num_units_in_tick        00000000000000000000000000000001 = 1
[trace_headers @ 0x7ffffd043f80] 269         vui_time_scale               00000000000000000000000000001010 = 10
[trace_headers @ 0x7ffffd043f80] 301         vui_poc_proportional_to_timing_flag                         0 = 0
[trace_headers @ 0x7ffffd043f80] 302         vui_hrd_parameters_present_flag                             0 = 0
[trace_headers @ 0x7ffffd043f80] 303         bitstream_restriction_flag                                  0 = 0
[trace_headers @ 0x7ffffd043f80] 304         sps_extension_present_flag                                  0 = 0
[trace_headers @ 0x7ffffd043f80] 305         rbsp_stop_one_bit                                           1 = 1
[trace_headers @ 0x7ffffd043f80] 306         rbsp_alignment_zero_bit                                     0 = 0
[trace_headers @ 0x7ffffd043f80] 307         rbsp_alignment_zero_bit                                     0 = 0
[trace_headers @ 0x7ffffd043f80] 308         rbsp_alignment_zero_bit                                     0 = 0
[trace_headers @ 0x7ffffd043f80] 309         rbsp_alignment_zero_bit                                     0 = 0
[trace_headers @ 0x7ffffd043f80] 310         rbsp_alignment_zero_bit                                     0 = 0
[trace_headers @ 0x7ffffd043f80] 311         rbsp_alignment_zero_bit                                     0 = 0
[trace_headers @ 0x7ffffd043f80] Picture Parameter Set
[trace_headers @ 0x7ffffd043f80] 0           forbidden_zero_bit                                          0 = 0
[trace_headers @ 0x7ffffd043f80] 1           nal_unit_type                                          100010 = 34
[trace_headers @ 0x7ffffd043f80] 7           nuh_layer_id                                           000000 = 0
[trace_headers @ 0x7ffffd043f80] 13          nuh_temporal_id_plus1                                     001 = 1
[trace_headers @ 0x7ffffd043f80] 16          pps_pic_parameter_set_id                                    1 = 0
[trace_headers @ 0x7ffffd043f80] 17          pps_seq_parameter_set_id                                    1 = 0
[trace_headers @ 0x7ffffd043f80] 18          dependent_slice_segments_enabled_flag                       0 = 0
[trace_headers @ 0x7ffffd043f80] 19          output_flag_present_flag                                    0 = 0
[trace_headers @ 0x7ffffd043f80] 20          num_extra_slice_header_bits                               000 = 0
[trace_headers @ 0x7ffffd043f80] 23          sign_data_hiding_enabled_flag                               0 = 0
[trace_headers @ 0x7ffffd043f80] 24          cabac_init_present_flag                                     0 = 0
[trace_headers @ 0x7ffffd043f80] 25          num_ref_idx_l0_default_active_minus1                        1 = 0
[trace_headers @ 0x7ffffd043f80] 26          num_ref_idx_l1_default_active_minus1                        1 = 0
[trace_headers @ 0x7ffffd043f80] 27          init_qp_minus26                                             1 = 0
[trace_headers @ 0x7ffffd043f80] 28          constrained_intra_pred_flag                                 0 = 0
[trace_headers @ 0x7ffffd043f80] 29          transform_skip_enabled_flag                                 0 = 0
[trace_headers @ 0x7ffffd043f80] 30          cu_qp_delta_enabled_flag                                    1 = 1
[trace_headers @ 0x7ffffd043f80] 31          diff_cu_qp_delta_depth                                      1 = 0
[trace_headers @ 0x7ffffd043f80] 32          pps_cb_qp_offset                                            1 = 0
[trace_headers @ 0x7ffffd043f80] 33          pps_cr_qp_offset                                            1 = 0
[trace_headers @ 0x7ffffd043f80] 34          pps_slice_chroma_qp_offsets_present_flag                    0 = 0
[trace_headers @ 0x7ffffd043f80] 35          weighted_pred_flag                                          0 = 0
[trace_headers @ 0x7ffffd043f80] 36          weighted_bipred_flag                                        0 = 0
[trace_headers @ 0x7ffffd043f80] 37          transquant_bypass_enabled_flag                              0 = 0
[trace_headers @ 0x7ffffd043f80] 38          tiles_enabled_flag                                          0 = 0
[trace_headers @ 0x7ffffd043f80] 39          entropy_coding_sync_enabled_flag                            0 = 0
[trace_headers @ 0x7ffffd043f80] 40          pps_loop_filter_across_slices_enabled_flag                  1 = 1
[trace_headers @ 0x7ffffd043f80] 41          deblocking_filter_control_present_flag                      0 = 0
[trace_headers @ 0x7ffffd043f80] 42          pps_scaling_list_data_present_flag                          0 = 0
[trace_headers @ 0x7ffffd043f80] 43          lists_modification_present_flag                             0 = 0
[trace_headers @ 0x7ffffd043f80] 44          log2_parallel_merge_level_minus2                            1 = 0
[trace_headers @ 0x7ffffd043f80] 45          slice_segment_header_extension_present_flag                 0 = 0
[trace_headers @ 0x7ffffd043f80] 46          pps_extension_present_flag                                  0 = 0
[trace_headers @ 0x7ffffd043f80] 47          rbsp_stop_one_bit                                           1 = 1
Output #0, null, to 'pipe:':
  Metadata:
    encoder         : Lavf60.16.100
  Stream #0:0: Video: hevc, yuv420p(tv), 1928x1088 [SAR 1:1 DAR 241:136], q=2-31, 25 fps, 10 tbr, 1200k tbn
Stream mapping:
  Stream #0:0 -> #0:0 (copy)
Press [q] to stop, [?] for help
[trace_headers @ 0x7ffffd043f80] Packet: 56285 bytes, key frame, no pts, dts 0, duration 120000.
[trace_headers @ 0x7ffffd043f80] Access Unit Delimiter
[trace_headers @ 0x7ffffd043f80] 0           forbidden_zero_bit                                          0 = 0
[trace_headers @ 0x7ffffd043f80] 1           nal_unit_type                                          100011 = 35
[trace_headers @ 0x7ffffd043f80] 7           nuh_layer_id                                           000000 = 0
[trace_headers @ 0x7ffffd043f80] 13          nuh_temporal_id_plus1                                     001 = 1
[trace_headers @ 0x7ffffd043f80] 16          pic_type                                                  000 = 0
[trace_headers @ 0x7ffffd043f80] 19          rbsp_stop_one_bit                                           1 = 1
[trace_headers @ 0x7ffffd043f80] 20          rbsp_alignment_zero_bit                                     0 = 0
[trace_headers @ 0x7ffffd043f80] 21          rbsp_alignment_zero_bit                                     0 = 0
[trace_headers @ 0x7ffffd043f80] 22          rbsp_alignment_zero_bit                                     0 = 0
[trace_headers @ 0x7ffffd043f80] 23          rbsp_alignment_zero_bit                                     0 = 0
[trace_headers @ 0x7ffffd043f80] Video Parameter Set
[trace_headers @ 0x7ffffd043f80] 0           forbidden_zero_bit                                          0 = 0
[trace_headers @ 0x7ffffd043f80] 1           nal_unit_type                                          100000 = 32
[trace_headers @ 0x7ffffd043f80] 7           nuh_layer_id                                           000000 = 0
[trace_headers @ 0x7ffffd043f80] 13          nuh_temporal_id_plus1                                     001 = 1
[trace_headers @ 0x7ffffd043f80] 16          vps_video_parameter_set_id                               0000 = 0
[trace_headers @ 0x7ffffd043f80] 20          vps_base_layer_internal_flag                                1 = 1
[trace_headers @ 0x7ffffd043f80] 21          vps_base_layer_available_flag                               1 = 1
[trace_headers @ 0x7ffffd043f80] 22          vps_max_layers_minus1                                  000000 = 0
[trace_headers @ 0x7ffffd043f80] 28          vps_max_sub_layers_minus1                                 000 = 0
[trace_headers @ 0x7ffffd043f80] 31          vps_temporal_id_nesting_flag                                1 = 1
[trace_headers @ 0x7ffffd043f80] 32          vps_reserved_0xffff_16bits                   1111111111111111 = 65535
[trace_headers @ 0x7ffffd043f80] 48          general_profile_space                                      00 = 0
[trace_headers @ 0x7ffffd043f80] 50          general_tier_flag                                           0 = 0
[trace_headers @ 0x7ffffd043f80] 51          general_profile_idc                                     00001 = 1
[trace_headers @ 0x7ffffd043f80] 56          general_profile_compatibility_flag[0]                       0 = 0
[trace_headers @ 0x7ffffd043f80] 57          general_profile_compatibility_flag[1]                       1 = 1
[trace_headers @ 0x7ffffd043f80] 58          general_profile_compatibility_flag[2]                       1 = 1
[trace_headers @ 0x7ffffd043f80] 59          general_profile_compatibility_flag[3]                       0 = 0
[trace_headers @ 0x7ffffd043f80] 60          general_profile_compatibility_flag[4]                       0 = 0
[trace_headers @ 0x7ffffd043f80] 61          general_profile_compatibility_flag[5]                       0 = 0
[trace_headers @ 0x7ffffd043f80] 62          general_profile_compatibility_flag[6]                       0 = 0
[trace_headers @ 0x7ffffd043f80] 63          general_profile_compatibility_flag[7]                       0 = 0
[trace_headers @ 0x7ffffd043f80] 64          general_profile_compatibility_flag[8]                       0 = 0
[trace_headers @ 0x7ffffd043f80] 65          general_profile_compatibility_flag[9]                       0 = 0
[trace_headers @ 0x7ffffd043f80] 66          general_profile_compatibility_flag[10]                      0 = 0
[trace_headers @ 0x7ffffd043f80] 67          general_profile_compatibility_flag[11]                      0 = 0
[trace_headers @ 0x7ffffd043f80] 68          general_profile_compatibility_flag[12]                      0 = 0
[trace_headers @ 0x7ffffd043f80] 69          general_profile_compatibility_flag[13]                      0 = 0
[trace_headers @ 0x7ffffd043f80] 70          general_profile_compatibility_flag[14]                      0 = 0
[trace_headers @ 0x7ffffd043f80] 71          general_profile_compatibility_flag[15]                      0 = 0
[trace_headers @ 0x7ffffd043f80] 72          general_profile_compatibility_flag[16]                      0 = 0
[trace_headers @ 0x7ffffd043f80] 73          general_profile_compatibility_flag[17]                      0 = 0
[trace_headers @ 0x7ffffd043f80] 74          general_profile_compatibility_flag[18]                      0 = 0
[trace_headers @ 0x7ffffd043f80] 75          general_profile_compatibility_flag[19]                      0 = 0
[trace_headers @ 0x7ffffd043f80] 76          general_profile_compatibility_flag[20]                      0 = 0
[trace_headers @ 0x7ffffd043f80] 77          general_profile_compatibility_flag[21]                      0 = 0
[trace_headers @ 0x7ffffd043f80] 78          general_profile_compatibility_flag[22]                      0 = 0
[trace_headers @ 0x7ffffd043f80] 79          general_profile_compatibility_flag[23]                      0 = 0
[trace_headers @ 0x7ffffd043f80] 80          general_profile_compatibility_flag[24]                      0 = 0
[trace_headers @ 0x7ffffd043f80] 81          general_profile_compatibility_flag[25]                      0 = 0
[trace_headers @ 0x7ffffd043f80] 82          general_profile_compatibility_flag[26]                      0 = 0
[trace_headers @ 0x7ffffd043f80] 83          general_profile_compatibility_flag[27]                      0 = 0
[trace_headers @ 0x7ffffd043f80] 84          general_profile_compatibility_flag[28]                      0 = 0
[trace_headers @ 0x7ffffd043f80] 85          general_profile_compatibility_flag[29]                      0 = 0
[trace_headers @ 0x7ffffd043f80] 86          general_profile_compatibility_flag[30]                      0 = 0
[trace_headers @ 0x7ffffd043f80] 87          general_profile_compatibility_flag[31]                      0 = 0
[trace_headers @ 0x7ffffd043f80] 88          general_progressive_source_flag                             1 = 1
[trace_headers @ 0x7ffffd043f80] 89          general_interlaced_source_flag                              0 = 0
[trace_headers @ 0x7ffffd043f80] 90          general_non_packed_constraint_flag                          0 = 0
[trace_headers @ 0x7ffffd043f80] 91          general_frame_only_constraint_flag                          1 = 1
[trace_headers @ 0x7ffffd043f80] 92          general_reserved_zero_7bits                           0000000 = 0
[trace_headers @ 0x7ffffd043f80] 99          general_one_picture_only_constraint_flag                    0 = 0
[trace_headers @ 0x7ffffd043f80] 100         general_reserved_zero_35bits         000000000000000000000000 = 0
[trace_headers @ 0x7ffffd043f80] 124         general_reserved_zero_35bits                      00000000000 = 0
[trace_headers @ 0x7ffffd043f80] 135         general_inbld_flag                                          0 = 0
[trace_headers @ 0x7ffffd043f80] 136         general_level_idc                                    01111000 = 120
[trace_headers @ 0x7ffffd043f80] 144         vps_sub_layer_ordering_info_present_flag                    1 = 1
[trace_headers @ 0x7ffffd043f80] 145         vps_max_dec_pic_buffering_minus1[0]                       011 = 2
[trace_headers @ 0x7ffffd043f80] 148         vps_max_num_reorder_pics[0]                                 1 = 0
[trace_headers @ 0x7ffffd043f80] 149         vps_max_latency_increase_plus1[0]                         010 = 1
[trace_headers @ 0x7ffffd043f80] 152         vps_max_layer_id                                       000000 = 0
[trace_headers @ 0x7ffffd043f80] 158         vps_num_layer_sets_minus1                                   1 = 0
[trace_headers @ 0x7ffffd043f80] 159         vps_timing_info_present_flag                                0 = 0
[trace_headers @ 0x7ffffd043f80] 160         vps_extension_flag                                          0 = 0
[trace_headers @ 0x7ffffd043f80] 161         rbsp_stop_one_bit                                           1 = 1
[trace_headers @ 0x7ffffd043f80] 162         rbsp_alignment_zero_bit                                     0 = 0
[trace_headers @ 0x7ffffd043f80] 163         rbsp_alignment_zero_bit                                     0 = 0
[trace_headers @ 0x7ffffd043f80] 164         rbsp_alignment_zero_bit                                     0 = 0
[trace_headers @ 0x7ffffd043f80] 165         rbsp_alignment_zero_bit                                     0 = 0
[trace_headers @ 0x7ffffd043f80] 166         rbsp_alignment_zero_bit                                     0 = 0
[trace_headers @ 0x7ffffd043f80] 167         rbsp_alignment_zero_bit                                     0 = 0
[trace_headers @ 0x7ffffd043f80] Sequence Parameter Set
[trace_headers @ 0x7ffffd043f80] 0           forbidden_zero_bit                                          0 = 0
[trace_headers @ 0x7ffffd043f80] 1           nal_unit_type                                          100001 = 33
[trace_headers @ 0x7ffffd043f80] 7           nuh_layer_id                                           000000 = 0
[trace_headers @ 0x7ffffd043f80] 13          nuh_temporal_id_plus1                                     001 = 1
[trace_headers @ 0x7ffffd043f80] 16          sps_video_parameter_set_id                               0000 = 0
[trace_headers @ 0x7ffffd043f80] 20          sps_max_sub_layers_minus1                                 000 = 0
[trace_headers @ 0x7ffffd043f80] 23          sps_temporal_id_nesting_flag                                1 = 1
[trace_headers @ 0x7ffffd043f80] 24          general_profile_space                                      00 = 0
[trace_headers @ 0x7ffffd043f80] 26          general_tier_flag                                           0 = 0
[trace_headers @ 0x7ffffd043f80] 27          general_profile_idc                                     00001 = 1
[trace_headers @ 0x7ffffd043f80] 32          general_profile_compatibility_flag[0]                       0 = 0
[trace_headers @ 0x7ffffd043f80] 33          general_profile_compatibility_flag[1]                       1 = 1
[trace_headers @ 0x7ffffd043f80] 34          general_profile_compatibility_flag[2]                       1 = 1
[trace_headers @ 0x7ffffd043f80] 35          general_profile_compatibility_flag[3]                       0 = 0
[trace_headers @ 0x7ffffd043f80] 36          general_profile_compatibility_flag[4]                       0 = 0
[trace_headers @ 0x7ffffd043f80] 37          general_profile_compatibility_flag[5]                       0 = 0
[trace_headers @ 0x7ffffd043f80] 38          general_profile_compatibility_flag[6]                       0 = 0
[trace_headers @ 0x7ffffd043f80] 39          general_profile_compatibility_flag[7]                       0 = 0
[trace_headers @ 0x7ffffd043f80] 40          general_profile_compatibility_flag[8]                       0 = 0
[trace_headers @ 0x7ffffd043f80] 41          general_profile_compatibility_flag[9]                       0 = 0
[trace_headers @ 0x7ffffd043f80] 42          general_profile_compatibility_flag[10]                      0 = 0
[trace_headers @ 0x7ffffd043f80] 43          general_profile_compatibility_flag[11]                      0 = 0
[trace_headers @ 0x7ffffd043f80] 44          general_profile_compatibility_flag[12]                      0 = 0
[trace_headers @ 0x7ffffd043f80] 45          general_profile_compatibility_flag[13]                      0 = 0
[trace_headers @ 0x7ffffd043f80] 46          general_profile_compatibility_flag[14]                      0 = 0
[trace_headers @ 0x7ffffd043f80] 47          general_profile_compatibility_flag[15]                      0 = 0
[trace_headers @ 0x7ffffd043f80] 48          general_profile_compatibility_flag[16]                      0 = 0
[trace_headers @ 0x7ffffd043f80] 49          general_profile_compatibility_flag[17]                      0 = 0
[trace_headers @ 0x7ffffd043f80] 50          general_profile_compatibility_flag[18]                      0 = 0
[trace_headers @ 0x7ffffd043f80] 51          general_profile_compatibility_flag[19]                      0 = 0
[trace_headers @ 0x7ffffd043f80] 52          general_profile_compatibility_flag[20]                      0 = 0
[trace_headers @ 0x7ffffd043f80] 53          general_profile_compatibility_flag[21]                      0 = 0
[trace_headers @ 0x7ffffd043f80] 54          general_profile_compatibility_flag[22]                      0 = 0
[trace_headers @ 0x7ffffd043f80] 55          general_profile_compatibility_flag[23]                      0 = 0
[trace_headers @ 0x7ffffd043f80] 56          general_profile_compatibility_flag[24]                      0 = 0
[trace_headers @ 0x7ffffd043f80] 57          general_profile_compatibility_flag[25]                      0 = 0
[trace_headers @ 0x7ffffd043f80] 58          general_profile_compatibility_flag[26]                      0 = 0
[trace_headers @ 0x7ffffd043f80] 59          general_profile_compatibility_flag[27]                      0 = 0
[trace_headers @ 0x7ffffd043f80] 60          general_profile_compatibility_flag[28]                      0 = 0
[trace_headers @ 0x7ffffd043f80] 61          general_profile_compatibility_flag[29]                      0 = 0
[trace_headers @ 0x7ffffd043f80] 62          general_profile_compatibility_flag[30]                      0 = 0
[trace_headers @ 0x7ffffd043f80] 63          general_profile_compatibility_flag[31]                      0 = 0
[trace_headers @ 0x7ffffd043f80] 64          general_progressive_source_flag                             1 = 1
[trace_headers @ 0x7ffffd043f80] 65          general_interlaced_source_flag                              0 = 0
[trace_headers @ 0x7ffffd043f80] 66          general_non_packed_constraint_flag                          0 = 0
[trace_headers @ 0x7ffffd043f80] 67          general_frame_only_constraint_flag                          1 = 1
[trace_headers @ 0x7ffffd043f80] 68          general_reserved_zero_7bits                           0000000 = 0
[trace_headers @ 0x7ffffd043f80] 75          general_one_picture_only_constraint_flag                    0 = 0
[trace_headers @ 0x7ffffd043f80] 76          general_reserved_zero_35bits         000000000000000000000000 = 0
[trace_headers @ 0x7ffffd043f80] 100         general_reserved_zero_35bits                      00000000000 = 0
[trace_headers @ 0x7ffffd043f80] 111         general_inbld_flag                                          0 = 0
[trace_headers @ 0x7ffffd043f80] 112         general_level_idc                                    01111000 = 120
[trace_headers @ 0x7ffffd043f80] 120         sps_seq_parameter_set_id                                    1 = 0
[trace_headers @ 0x7ffffd043f80] 121         chroma_format_idc                                         010 = 1
[trace_headers @ 0x7ffffd043f80] 124         pic_width_in_luma_samples               000000000011110100001 = 1952
[trace_headers @ 0x7ffffd043f80] 145         pic_height_in_luma_samples              000000000010001000001 = 1088
[trace_headers @ 0x7ffffd043f80] 166         conformance_window_flag                                     1 = 1
[trace_headers @ 0x7ffffd043f80] 167         conf_win_left_offset                                        1 = 0
[trace_headers @ 0x7ffffd043f80] 168         conf_win_right_offset                                 0001101 = 12
[trace_headers @ 0x7ffffd043f80] 175         conf_win_top_offset                                         1 = 0
[trace_headers @ 0x7ffffd043f80] 176         conf_win_bottom_offset                                      1 = 0
[trace_headers @ 0x7ffffd043f80] 177         bit_depth_luma_minus8                                       1 = 0
[trace_headers @ 0x7ffffd043f80] 178         bit_depth_chroma_minus8                                     1 = 0
[trace_headers @ 0x7ffffd043f80] 179         log2_max_pic_order_cnt_lsb_minus4                       00101 = 4
[trace_headers @ 0x7ffffd043f80] 184         sps_sub_layer_ordering_info_present_flag                    1 = 1
[trace_headers @ 0x7ffffd043f80] 185         sps_max_dec_pic_buffering_minus1[0]                       011 = 2
[trace_headers @ 0x7ffffd043f80] 188         sps_max_num_reorder_pics[0]                                 1 = 0
[trace_headers @ 0x7ffffd043f80] 189         sps_max_latency_increase_plus1[0]                         010 = 1
[trace_headers @ 0x7ffffd043f80] 192         log2_min_luma_coding_block_size_minus3                    010 = 1
[trace_headers @ 0x7ffffd043f80] 195         log2_diff_max_min_luma_coding_block_size                  010 = 1
[trace_headers @ 0x7ffffd043f80] 198         log2_min_luma_transform_block_size_minus2                   1 = 0
[trace_headers @ 0x7ffffd043f80] 199         log2_diff_max_min_luma_transform_block_size             00100 = 3
[trace_headers @ 0x7ffffd043f80] 204         max_transform_hierarchy_depth_inter                         1 = 0
[trace_headers @ 0x7ffffd043f80] 205         max_transform_hierarchy_depth_intra                         1 = 0
[trace_headers @ 0x7ffffd043f80] 206         scaling_list_enabled_flag                                   0 = 0
[trace_headers @ 0x7ffffd043f80] 207         amp_enabled_flag                                            0 = 0
[trace_headers @ 0x7ffffd043f80] 208         sample_adaptive_offset_enabled_flag                         0 = 0
[trace_headers @ 0x7ffffd043f80] 209         pcm_enabled_flag                                            0 = 0
[trace_headers @ 0x7ffffd043f80] 210         num_short_term_ref_pic_sets                                 1 = 0
[trace_headers @ 0x7ffffd043f80] 211         long_term_ref_pics_present_flag                             0 = 0
[trace_headers @ 0x7ffffd043f80] 212         sps_temporal_mvp_enabled_flag                               1 = 1
[trace_headers @ 0x7ffffd043f80] 213         strong_intra_smoothing_enabled_flag                         1 = 1
[trace_headers @ 0x7ffffd043f80] 214         vui_parameters_present_flag                                 1 = 1
[trace_headers @ 0x7ffffd043f80] 215         aspect_ratio_info_present_flag                              1 = 1
[trace_headers @ 0x7ffffd043f80] 216         aspect_ratio_idc                                     00000001 = 1
[trace_headers @ 0x7ffffd043f80] 224         overscan_info_present_flag                                  0 = 0
[trace_headers @ 0x7ffffd043f80] 225         video_signal_type_present_flag                              1 = 1
[trace_headers @ 0x7ffffd043f80] 226         video_format                                              101 = 5
[trace_headers @ 0x7ffffd043f80] 229         video_full_range_flag                                       0 = 0
[trace_headers @ 0x7ffffd043f80] 230         colour_description_present_flag                             0 = 0
[trace_headers @ 0x7ffffd043f80] 231         chroma_loc_info_present_flag                                0 = 0
[trace_headers @ 0x7ffffd043f80] 232         neutral_chroma_indication_flag                              0 = 0
[trace_headers @ 0x7ffffd043f80] 233         field_seq_flag                                              0 = 0
[trace_headers @ 0x7ffffd043f80] 234         frame_field_info_present_flag                               0 = 0
[trace_headers @ 0x7ffffd043f80] 235         default_display_window_flag                                 0 = 0
[trace_headers @ 0x7ffffd043f80] 236         vui_timing_info_present_flag                                1 = 1
[trace_headers @ 0x7ffffd043f80] 237         vui_num_units_in_tick        00000000000000000000000000000001 = 1
[trace_headers @ 0x7ffffd043f80] 269         vui_time_scale               00000000000000000000000000001010 = 10
[trace_headers @ 0x7ffffd043f80] 301         vui_poc_proportional_to_timing_flag                         0 = 0
[trace_headers @ 0x7ffffd043f80] 302         vui_hrd_parameters_present_flag                             0 = 0
[trace_headers @ 0x7ffffd043f80] 303         bitstream_restriction_flag                                  0 = 0
[trace_headers @ 0x7ffffd043f80] 304         sps_extension_present_flag                                  0 = 0
[trace_headers @ 0x7ffffd043f80] 305         rbsp_stop_one_bit                                           1 = 1
[trace_headers @ 0x7ffffd043f80] 306         rbsp_alignment_zero_bit                                     0 = 0
[trace_headers @ 0x7ffffd043f80] 307         rbsp_alignment_zero_bit                                     0 = 0
[trace_headers @ 0x7ffffd043f80] 308         rbsp_alignment_zero_bit                                     0 = 0
[trace_headers @ 0x7ffffd043f80] 309         rbsp_alignment_zero_bit                                     0 = 0
[trace_headers @ 0x7ffffd043f80] 310         rbsp_alignment_zero_bit                                     0 = 0
[trace_headers @ 0x7ffffd043f80] 311         rbsp_alignment_zero_bit                                     0 = 0
[trace_headers @ 0x7ffffd043f80] Picture Parameter Set
[trace_headers @ 0x7ffffd043f80] 0           forbidden_zero_bit                                          0 = 0
[trace_headers @ 0x7ffffd043f80] 1           nal_unit_type                                          100010 = 34
[trace_headers @ 0x7ffffd043f80] 7           nuh_layer_id                                           000000 = 0
[trace_headers @ 0x7ffffd043f80] 13          nuh_temporal_id_plus1                                     001 = 1
[trace_headers @ 0x7ffffd043f80] 16          pps_pic_parameter_set_id                                    1 = 0
[trace_headers @ 0x7ffffd043f80] 17          pps_seq_parameter_set_id                                    1 = 0
[trace_headers @ 0x7ffffd043f80] 18          dependent_slice_segments_enabled_flag                       0 = 0
[trace_headers @ 0x7ffffd043f80] 19          output_flag_present_flag                                    0 = 0
[trace_headers @ 0x7ffffd043f80] 20          num_extra_slice_header_bits                               000 = 0
[trace_headers @ 0x7ffffd043f80] 23          sign_data_hiding_enabled_flag                               0 = 0
[trace_headers @ 0x7ffffd043f80] 24          cabac_init_present_flag                                     0 = 0
[trace_headers @ 0x7ffffd043f80] 25          num_ref_idx_l0_default_active_minus1                        1 = 0
[trace_headers @ 0x7ffffd043f80] 26          num_ref_idx_l1_default_active_minus1                        1 = 0
[trace_headers @ 0x7ffffd043f80] 27          init_qp_minus26                                             1 = 0
[trace_headers @ 0x7ffffd043f80] 28          constrained_intra_pred_flag                                 0 = 0
[trace_headers @ 0x7ffffd043f80] 29          transform_skip_enabled_flag                                 0 = 0
[trace_headers @ 0x7ffffd043f80] 30          cu_qp_delta_enabled_flag                                    1 = 1
[trace_headers @ 0x7ffffd043f80] 31          diff_cu_qp_delta_depth                                      1 = 0
[trace_headers @ 0x7ffffd043f80] 32          pps_cb_qp_offset                                            1 = 0
[trace_headers @ 0x7ffffd043f80] 33          pps_cr_qp_offset                                            1 = 0
[trace_headers @ 0x7ffffd043f80] 34          pps_slice_chroma_qp_offsets_present_flag                    0 = 0
[trace_headers @ 0x7ffffd043f80] 35          weighted_pred_flag                                          0 = 0
[trace_headers @ 0x7ffffd043f80] 36          weighted_bipred_flag                                        0 = 0
[trace_headers @ 0x7ffffd043f80] 37          transquant_bypass_enabled_flag                              0 = 0
[trace_headers @ 0x7ffffd043f80] 38          tiles_enabled_flag                                          0 = 0
[trace_headers @ 0x7ffffd043f80] 39          entropy_coding_sync_enabled_flag                            0 = 0
[trace_headers @ 0x7ffffd043f80] 40          pps_loop_filter_across_slices_enabled_flag                  1 = 1
[trace_headers @ 0x7ffffd043f80] 41          deblocking_filter_control_present_flag                      0 = 0
[trace_headers @ 0x7ffffd043f80] 42          pps_scaling_list_data_present_flag                          0 = 0
[trace_headers @ 0x7ffffd043f80] 43          lists_modification_present_flag                             0 = 0
[trace_headers @ 0x7ffffd043f80] 44          log2_parallel_merge_level_minus2                            1 = 0
[trace_headers @ 0x7ffffd043f80] 45          slice_segment_header_extension_present_flag                 0 = 0
[trace_headers @ 0x7ffffd043f80] 46          pps_extension_present_flag                                  0 = 0
[trace_headers @ 0x7ffffd043f80] 47          rbsp_stop_one_bit                                           1 = 1
[trace_headers @ 0x7ffffd043f80] Slice Segment Header
[trace_headers @ 0x7ffffd043f80] 0           forbidden_zero_bit                                          0 = 0
[trace_headers @ 0x7ffffd043f80] 1           nal_unit_type                                          010100 = 20
[trace_headers @ 0x7ffffd043f80] 7           nuh_layer_id                                           000000 = 0
[trace_headers @ 0x7ffffd043f80] 13          nuh_temporal_id_plus1                                     001 = 1
[trace_headers @ 0x7ffffd043f80] 16          first_slice_segment_in_pic_flag                             1 = 1
[trace_headers @ 0x7ffffd043f80] 17          no_output_of_prior_pics_flag                                0 = 0
[trace_headers @ 0x7ffffd043f80] 18          slice_pic_parameter_set_id                                  1 = 0
[trace_headers @ 0x7ffffd043f80] 19          slice_type                                                011 = 2
[trace_headers @ 0x7ffffd043f80] 22          slice_qp_delta                                        0001000 = 4
[trace_headers @ 0x7ffffd043f80] 29          slice_loop_filter_across_slices_enabled_flag                1 = 1
[trace_headers @ 0x7ffffd043f80] 30          alignment_bit_equal_to_one                                  1 = 1
[trace_headers @ 0x7ffffd043f80] 31          alignment_bit_equal_to_zero                                 0 = 0
size=N/A time=00:00:00.00 bitrate=N/A speed=N/A    [trace_headers @ 0x7ffffd043f80] Packet: 47669 bytes, no pts, dts 120000, duration 120000.
[trace_headers @ 0x7ffffd043f80] Access Unit Delimiter
[trace_headers @ 0x7ffffd043f80] 0           forbidden_zero_bit                                          0 = 0
[trace_headers @ 0x7ffffd043f80] 1           nal_unit_type                                          100011 = 35
[trace_headers @ 0x7ffffd043f80] 7           nuh_layer_id                                           000000 = 0
[trace_headers @ 0x7ffffd043f80] 13          nuh_temporal_id_plus1                                     001 = 1
[trace_headers @ 0x7ffffd043f80] 16          pic_type                                                  001 = 1
[trace_headers @ 0x7ffffd043f80] 19          rbsp_stop_one_bit                                           1 = 1
[trace_headers @ 0x7ffffd043f80] 20          rbsp_alignment_zero_bit                                     0 = 0
[trace_headers @ 0x7ffffd043f80] 21          rbsp_alignment_zero_bit                                     0 = 0
[trace_headers @ 0x7ffffd043f80] 22          rbsp_alignment_zero_bit                                     0 = 0
[trace_headers @ 0x7ffffd043f80] 23          rbsp_alignment_zero_bit                                     0 = 0
[trace_headers @ 0x7ffffd043f80] Slice Segment Header
[trace_headers @ 0x7ffffd043f80] 0           forbidden_zero_bit                                          0 = 0
[trace_headers @ 0x7ffffd043f80] 1           nal_unit_type                                          000001 = 1
[trace_headers @ 0x7ffffd043f80] 7           nuh_layer_id                                           000000 = 0
[trace_headers @ 0x7ffffd043f80] 13          nuh_temporal_id_plus1                                     001 = 1
[trace_headers @ 0x7ffffd043f80] 16          first_slice_segment_in_pic_flag                             1 = 1
[trace_headers @ 0x7ffffd043f80] 17          slice_pic_parameter_set_id                                  1 = 0
[trace_headers @ 0x7ffffd043f80] 18          slice_type                                                010 = 1
[trace_headers @ 0x7ffffd043f80] 21          slice_pic_order_cnt_lsb                              00000001 = 1
[trace_headers @ 0x7ffffd043f80] 29          short_term_ref_pic_set_sps_flag                             0 = 0
[trace_headers @ 0x7ffffd043f80] 30          num_negative_pics                                         010 = 1
[trace_headers @ 0x7ffffd043f80] 33          num_positive_pics                                           1 = 0
[trace_headers @ 0x7ffffd043f80] 34          delta_poc_s0_minus1[0]                                      1 = 0
[trace_headers @ 0x7ffffd043f80] 35          used_by_curr_pic_s0_flag[0]                                 1 = 1
[trace_headers @ 0x7ffffd043f80] 36          slice_temporal_mvp_enabled_flag                             1 = 1
[trace_headers @ 0x7ffffd043f80] 37          num_ref_idx_active_override_flag                            0 = 0
[trace_headers @ 0x7ffffd043f80] 38          five_minus_max_num_merge_cand                           00100 = 3
[trace_headers @ 0x7ffffd043f80] 43          slice_qp_delta                                        0001000 = 4
[trace_headers @ 0x7ffffd043f80] 50          slice_loop_filter_across_slices_enabled_flag                1 = 1
[trace_headers @ 0x7ffffd043f80] 51          alignment_bit_equal_to_one                                  1 = 1
[trace_headers @ 0x7ffffd043f80] 52          alignment_bit_equal_to_zero                                 0 = 0
[trace_headers @ 0x7ffffd043f80] 53          alignment_bit_equal_to_zero                                 0 = 0
[trace_headers @ 0x7ffffd043f80] 54          alignment_bit_equal_to_zero                                 0 = 0
[trace_headers @ 0x7ffffd043f80] 55          alignment_bit_equal_to_zero                                 0 = 0
[trace_headers @ 0x7ffffd043f80] Packet: 47378 bytes, no pts, dts 240000, duration 120000.
[trace_headers @ 0x7ffffd043f80] Access Unit Delimiter
[trace_headers @ 0x7ffffd043f80] 0           forbidden_zero_bit                                          0 = 0
[trace_headers @ 0x7ffffd043f80] 1           nal_unit_type                                          100011 = 35
[trace_headers @ 0x7ffffd043f80] 7           nuh_layer_id                                           000000 = 0
[trace_headers @ 0x7ffffd043f80] 13          nuh_temporal_id_plus1                                     001 = 1
[trace_headers @ 0x7ffffd043f80] 16          pic_type                                                  001 = 1
[trace_headers @ 0x7ffffd043f80] 19          rbsp_stop_one_bit                                           1 = 1
[trace_headers @ 0x7ffffd043f80] 20          rbsp_alignment_zero_bit                                     0 = 0
[trace_headers @ 0x7ffffd043f80] 21          rbsp_alignment_zero_bit                                     0 = 0
[trace_headers @ 0x7ffffd043f80] 22          rbsp_alignment_zero_bit                                     0 = 0
[trace_headers @ 0x7ffffd043f80] 23          rbsp_alignment_zero_bit                                     0 = 0
[trace_headers @ 0x7ffffd043f80] Slice Segment Header
[trace_headers @ 0x7ffffd043f80] 0           forbidden_zero_bit                                          0 = 0
[trace_headers @ 0x7ffffd043f80] 1           nal_unit_type                                          000001 = 1
[trace_headers @ 0x7ffffd043f80] 7           nuh_layer_id                                           000000 = 0
[trace_headers @ 0x7ffffd043f80] 13          nuh_temporal_id_plus1                                     001 = 1
[trace_headers @ 0x7ffffd043f80] 16          first_slice_segment_in_pic_flag                             1 = 1
[trace_headers @ 0x7ffffd043f80] 17          slice_pic_parameter_set_id                                  1 = 0
[trace_headers @ 0x7ffffd043f80] 18          slice_type                                                010 = 1
[trace_headers @ 0x7ffffd043f80] 21          slice_pic_order_cnt_lsb                              00000010 = 2
[trace_headers @ 0x7ffffd043f80] 29          short_term_ref_pic_set_sps_flag                             0 = 0
[trace_headers @ 0x7ffffd043f80] 30          num_negative_pics                                         011 = 2
[trace_headers @ 0x7ffffd043f80] 33          num_positive_pics                                           1 = 0
[trace_headers @ 0x7ffffd043f80] 34          delta_poc_s0_minus1[0]                                      1 = 0
[trace_headers @ 0x7ffffd043f80] 35          used_by_curr_pic_s0_flag[0]                                 1 = 1
[trace_headers @ 0x7ffffd043f80] 36          delta_poc_s0_minus1[1]                                      1 = 0
[trace_headers @ 0x7ffffd043f80] 37          used_by_curr_pic_s0_flag[1]                                 1 = 1
[trace_headers @ 0x7ffffd043f80] 38          slice_temporal_mvp_enabled_flag                             1 = 1
[trace_headers @ 0x7ffffd043f80] 39          num_ref_idx_active_override_flag                            0 = 0
[trace_headers @ 0x7ffffd043f80] 40          five_minus_max_num_merge_cand                           00100 = 3
[trace_headers @ 0x7ffffd043f80] 45          slice_qp_delta                                        0001000 = 4
[trace_headers @ 0x7ffffd043f80] 52          slice_loop_filter_across_slices_enabled_flag                0 = 0
[trace_headers @ 0x7ffffd043f80] 53          alignment_bit_equal_to_one                                  1 = 1
[trace_headers @ 0x7ffffd043f80] 54          alignment_bit_equal_to_zero                                 0 = 0
[trace_headers @ 0x7ffffd043f80] 55          alignment_bit_equal_to_zero                                 0 = 0
[trace_headers @ 0x7ffffd043f80] Packet: 47510 bytes, no pts, dts 360000, duration 120000.
[trace_headers @ 0x7ffffd043f80] Access Unit Delimiter
[trace_headers @ 0x7ffffd043f80] 0           forbidden_zero_bit                                          0 = 0
[trace_headers @ 0x7ffffd043f80] 1           nal_unit_type                                          100011 = 35
[trace_headers @ 0x7ffffd043f80] 7           nuh_layer_id                                           000000 = 0
[trace_headers @ 0x7ffffd043f80] 13          nuh_temporal_id_plus1                                     001 = 1
[trace_headers @ 0x7ffffd043f80] 16          pic_type                                                  001 = 1
[trace_headers @ 0x7ffffd043f80] 19          rbsp_stop_one_bit                                           1 = 1
[trace_headers @ 0x7ffffd043f80] 20          rbsp_alignment_zero_bit                                     0 = 0
[trace_headers @ 0x7ffffd043f80] 21          rbsp_alignment_zero_bit                                     0 = 0
[trace_headers @ 0x7ffffd043f80] 22          rbsp_alignment_zero_bit                                     0 = 0
[trace_headers @ 0x7ffffd043f80] 23          rbsp_alignment_zero_bit                                     0 = 0
[trace_headers @ 0x7ffffd043f80] Slice Segment Header
[trace_headers @ 0x7ffffd043f80] 0           forbidden_zero_bit                                          0 = 0
[trace_headers @ 0x7ffffd043f80] 1           nal_unit_type                                          000001 = 1
[trace_headers @ 0x7ffffd043f80] 7           nuh_layer_id                                           000000 = 0
[trace_headers @ 0x7ffffd043f80] 13          nuh_temporal_id_plus1                                     001 = 1
[trace_headers @ 0x7ffffd043f80] 16          first_slice_segment_in_pic_flag                             1 = 1
[trace_headers @ 0x7ffffd043f80] 17          slice_pic_parameter_set_id                                  1 = 0
[trace_headers @ 0x7ffffd043f80] 18          slice_type                                                010 = 1
[trace_headers @ 0x7ffffd043f80] 21          slice_pic_order_cnt_lsb                              00000011 = 3
[trace_headers @ 0x7ffffd043f80] 29          short_term_ref_pic_set_sps_flag                             0 = 0
[trace_headers @ 0x7ffffd043f80] 30          num_negative_pics                                         011 = 2
[trace_headers @ 0x7ffffd043f80] 33          num_positive_pics                                           1 = 0
[trace_headers @ 0x7ffffd043f80] 34          delta_poc_s0_minus1[0]                                      1 = 0
[trace_headers @ 0x7ffffd043f80] 35          used_by_curr_pic_s0_flag[0]                                 1 = 1
[trace_headers @ 0x7ffffd043f80] 36          delta_poc_s0_minus1[1]                                      1 = 0
[trace_headers @ 0x7ffffd043f80] 37          used_by_curr_pic_s0_flag[1]                                 1 = 1
[trace_headers @ 0x7ffffd043f80] 38          slice_temporal_mvp_enabled_flag                             1 = 1
[trace_headers @ 0x7ffffd043f80] 39          num_ref_idx_active_override_flag                            0 = 0
[trace_headers @ 0x7ffffd043f80] 40          five_minus_max_num_merge_cand                           00100 = 3
[trace_headers @ 0x7ffffd043f80] 45          slice_qp_delta                                        0001000 = 4
[trace_headers @ 0x7ffffd043f80] 52          slice_loop_filter_across_slices_enabled_flag                0 = 0
[trace_headers @ 0x7ffffd043f80] 53          alignment_bit_equal_to_one                                  1 = 1
[trace_headers @ 0x7ffffd043f80] 54          alignment_bit_equal_to_zero                                 0 = 0
[trace_headers @ 0x7ffffd043f80] 55          alignment_bit_equal_to_zero                                 0 = 0
[trace_headers @ 0x7ffffd043f80] Packet: 47259 bytes, no pts, dts 480000, duration 120000.
[trace_headers @ 0x7ffffd043f80] Access Unit Delimiter
[trace_headers @ 0x7ffffd043f80] 0           forbidden_zero_bit                                          0 = 0
[trace_headers @ 0x7ffffd043f80] 1           nal_unit_type                                          100011 = 35
[trace_headers @ 0x7ffffd043f80] 7           nuh_layer_id                                           000000 = 0
[trace_headers @ 0x7ffffd043f80] 13          nuh_temporal_id_plus1                                     001 = 1
[trace_headers @ 0x7ffffd043f80] 16          pic_type                                                  001 = 1
[trace_headers @ 0x7ffffd043f80] 19          rbsp_stop_one_bit                                           1 = 1
[trace_headers @ 0x7ffffd043f80] 20          rbsp_alignment_zero_bit                                     0 = 0
[trace_headers @ 0x7ffffd043f80] 21          rbsp_alignment_zero_bit                                     0 = 0
[trace_headers @ 0x7ffffd043f80] 22          rbsp_alignment_zero_bit                                     0 = 0
[trace_headers @ 0x7ffffd043f80] 23          rbsp_alignment_zero_bit                                     0 = 0
[trace_headers @ 0x7ffffd043f80] Slice Segment Header
[trace_headers @ 0x7ffffd043f80] 0           forbidden_zero_bit                                          0 = 0
[trace_headers @ 0x7ffffd043f80] 1           nal_unit_type                                          000001 = 1
[trace_headers @ 0x7ffffd043f80] 7           nuh_layer_id                                           000000 = 0
[trace_headers @ 0x7ffffd043f80] 13          nuh_temporal_id_plus1                                     001 = 1
[trace_headers @ 0x7ffffd043f80] 16          first_slice_segment_in_pic_flag                             1 = 1
[trace_headers @ 0x7ffffd043f80] 17          slice_pic_parameter_set_id                                  1 = 0
[trace_headers @ 0x7ffffd043f80] 18          slice_type                                                010 = 1
[trace_headers @ 0x7ffffd043f80] 21          slice_pic_order_cnt_lsb                              00000100 = 4
[trace_headers @ 0x7ffffd043f80] 29          short_term_ref_pic_set_sps_flag                             0 = 0
[trace_headers @ 0x7ffffd043f80] 30          num_negative_pics                                         011 = 2
[trace_headers @ 0x7ffffd043f80] 33          num_positive_pics                                           1 = 0
[trace_headers @ 0x7ffffd043f80] 34          delta_poc_s0_minus1[0]                                      1 = 0
[trace_headers @ 0x7ffffd043f80] 35          used_by_curr_pic_s0_flag[0]                                 1 = 1
[trace_headers @ 0x7ffffd043f80] 36          delta_poc_s0_minus1[1]                                      1 = 0
[trace_headers @ 0x7ffffd043f80] 37          used_by_curr_pic_s0_flag[1]                                 1 = 1
[trace_headers @ 0x7ffffd043f80] 38          slice_temporal_mvp_enabled_flag                             1 = 1
[trace_headers @ 0x7ffffd043f80] 39          num_ref_idx_active_override_flag                            0 = 0
[trace_headers @ 0x7ffffd043f80] 40          five_minus_max_num_merge_cand                           00100 = 3
[trace_headers @ 0x7ffffd043f80] 45          slice_qp_delta                                        0001000 = 4
[trace_headers @ 0x7ffffd043f80] 52          slice_loop_filter_across_slices_enabled_flag                1 = 1
[trace_headers @ 0x7ffffd043f80] 53          alignment_bit_equal_to_one                                  1 = 1
[trace_headers @ 0x7ffffd043f80] 54          alignment_bit_equal_to_zero                                 0 = 0
[trace_headers @ 0x7ffffd043f80] 55          alignment_bit_equal_to_zero                                 0 = 0
[trace_headers @ 0x7ffffd043f80] Packet: 46642 bytes, no pts, dts 600000, duration 120000.
[trace_headers @ 0x7ffffd043f80] Access Unit Delimiter
[trace_headers @ 0x7ffffd043f80] 0           forbidden_zero_bit                                          0 = 0
[trace_headers @ 0x7ffffd043f80] 1           nal_unit_type                                          100011 = 35
[trace_headers @ 0x7ffffd043f80] 7           nuh_layer_id                                           000000 = 0
[trace_headers @ 0x7ffffd043f80] 13          nuh_temporal_id_plus1                                     001 = 1
[trace_headers @ 0x7ffffd043f80] 16          pic_type                                                  001 = 1
[trace_headers @ 0x7ffffd043f80] 19          rbsp_stop_one_bit                                           1 = 1
[trace_headers @ 0x7ffffd043f80] 20          rbsp_alignment_zero_bit                                     0 = 0
[trace_headers @ 0x7ffffd043f80] 21          rbsp_alignment_zero_bit                                     0 = 0
[trace_headers @ 0x7ffffd043f80] 22          rbsp_alignment_zero_bit                                     0 = 0
[trace_headers @ 0x7ffffd043f80] 23          rbsp_alignment_zero_bit                                     0 = 0
[trace_headers @ 0x7ffffd043f80] Slice Segment Header
[trace_headers @ 0x7ffffd043f80] 0           forbidden_zero_bit                                          0 = 0
[trace_headers @ 0x7ffffd043f80] 1           nal_unit_type                                          000001 = 1
[trace_headers @ 0x7ffffd043f80] 7           nuh_layer_id                                           000000 = 0
[trace_headers @ 0x7ffffd043f80] 13          nuh_temporal_id_plus1                                     001 = 1
[trace_headers @ 0x7ffffd043f80] 16          first_slice_segment_in_pic_flag                             1 = 1
[trace_headers @ 0x7ffffd043f80] 17          slice_pic_parameter_set_id                                  1 = 0
[trace_headers @ 0x7ffffd043f80] 18          slice_type                                                010 = 1
[trace_headers @ 0x7ffffd043f80] 21          slice_pic_order_cnt_lsb                              00000101 = 5
[trace_headers @ 0x7ffffd043f80] 29          short_term_ref_pic_set_sps_flag                             0 = 0
[trace_headers @ 0x7ffffd043f80] 30          num_negative_pics                                         011 = 2
[trace_headers @ 0x7ffffd043f80] 33          num_positive_pics                                           1 = 0
[trace_headers @ 0x7ffffd043f80] 34          delta_poc_s0_minus1[0]                                      1 = 0
[trace_headers @ 0x7ffffd043f80] 35          used_by_curr_pic_s0_flag[0]                                 1 = 1
[trace_headers @ 0x7ffffd043f80] 36          delta_poc_s0_minus1[1]                                      1 = 0
[trace_headers @ 0x7ffffd043f80] 37          used_by_curr_pic_s0_flag[1]                                 1 = 1
[trace_headers @ 0x7ffffd043f80] 38          slice_temporal_mvp_enabled_flag                             1 = 1
[trace_headers @ 0x7ffffd043f80] 39          num_ref_idx_active_override_flag                            0 = 0
[trace_headers @ 0x7ffffd043f80] 40          five_minus_max_num_merge_cand                           00100 = 3
[trace_headers @ 0x7ffffd043f80] 45          slice_qp_delta                                        0001000 = 4
[trace_headers @ 0x7ffffd043f80] 52          slice_loop_filter_across_slices_enabled_flag                0 = 0
[trace_headers @ 0x7ffffd043f80] 53          alignment_bit_equal_to_one                                  1 = 1
[trace_headers @ 0x7ffffd043f80] 54          alignment_bit_equal_to_zero                                 0 = 0
[trace_headers @ 0x7ffffd043f80] 55          alignment_bit_equal_to_zero                                 0 = 0
[trace_headers @ 0x7ffffd043f80] Packet: 47175 bytes, no pts, dts 720000, duration 120000.
[trace_headers @ 0x7ffffd043f80] Access Unit Delimiter
[trace_headers @ 0x7ffffd043f80] 0           forbidden_zero_bit                                          0 = 0
[trace_headers @ 0x7ffffd043f80] 1           nal_unit_type                                          100011 = 35
[trace_headers @ 0x7ffffd043f80] 7           nuh_layer_id                                           000000 = 0
[trace_headers @ 0x7ffffd043f80] 13          nuh_temporal_id_plus1                                     001 = 1
[trace_headers @ 0x7ffffd043f80] 16          pic_type                                                  001 = 1
[trace_headers @ 0x7ffffd043f80] 19          rbsp_stop_one_bit                                           1 = 1
[trace_headers @ 0x7ffffd043f80] 20          rbsp_alignment_zero_bit                                     0 = 0
[trace_headers @ 0x7ffffd043f80] 21          rbsp_alignment_zero_bit                                     0 = 0
[trace_headers @ 0x7ffffd043f80] 22          rbsp_alignment_zero_bit                                     0 = 0
[trace_headers @ 0x7ffffd043f80] 23          rbsp_alignment_zero_bit                                     0 = 0
[trace_headers @ 0x7ffffd043f80] Slice Segment Header
[trace_headers @ 0x7ffffd043f80] 0           forbidden_zero_bit                                          0 = 0
[trace_headers @ 0x7ffffd043f80] 1           nal_unit_type                                          000001 = 1
[trace_headers @ 0x7ffffd043f80] 7           nuh_layer_id                                           000000 = 0
[trace_headers @ 0x7ffffd043f80] 13          nuh_temporal_id_plus1                                     001 = 1
[trace_headers @ 0x7ffffd043f80] 16          first_slice_segment_in_pic_flag                             1 = 1
[trace_headers @ 0x7ffffd043f80] 17          slice_pic_parameter_set_id                                  1 = 0
[trace_headers @ 0x7ffffd043f80] 18          slice_type                                                010 = 1
[trace_headers @ 0x7ffffd043f80] 21          slice_pic_order_cnt_lsb                              00000110 = 6
[trace_headers @ 0x7ffffd043f80] 29          short_term_ref_pic_set_sps_flag                             0 = 0
[trace_headers @ 0x7ffffd043f80] 30          num_negative_pics                                         011 = 2
[trace_headers @ 0x7ffffd043f80] 33          num_positive_pics                                           1 = 0
[trace_headers @ 0x7ffffd043f80] 34          delta_poc_s0_minus1[0]                                      1 = 0
[trace_headers @ 0x7ffffd043f80] 35          used_by_curr_pic_s0_flag[0]                                 1 = 1
[trace_headers @ 0x7ffffd043f80] 36          delta_poc_s0_minus1[1]                                      1 = 0
[trace_headers @ 0x7ffffd043f80] 37          used_by_curr_pic_s0_flag[1]                                 1 = 1
[trace_headers @ 0x7ffffd043f80] 38          slice_temporal_mvp_enabled_flag                             1 = 1
[trace_headers @ 0x7ffffd043f80] 39          num_ref_idx_active_override_flag                            0 = 0
[trace_headers @ 0x7ffffd043f80] 40          five_minus_max_num_merge_cand                           00100 = 3
[trace_headers @ 0x7ffffd043f80] 45          slice_qp_delta                                        0001000 = 4
[trace_headers @ 0x7ffffd043f80] 52          slice_loop_filter_across_slices_enabled_flag                1 = 1
[trace_headers @ 0x7ffffd043f80] 53          alignment_bit_equal_to_one                                  1 = 1
[trace_headers @ 0x7ffffd043f80] 54          alignment_bit_equal_to_zero                                 0 = 0
[trace_headers @ 0x7ffffd043f80] 55          alignment_bit_equal_to_zero                                 0 = 0
[trace_headers @ 0x7ffffd043f80] Packet: 46679 bytes, no pts, dts 840000, duration 120000.
[trace_headers @ 0x7ffffd043f80] Access Unit Delimiter
[trace_headers @ 0x7ffffd043f80] 0           forbidden_zero_bit                                          0 = 0
[trace_headers @ 0x7ffffd043f80] 1           nal_unit_type                                          100011 = 35
[trace_headers @ 0x7ffffd043f80] 7           nuh_layer_id                                           000000 = 0
[trace_headers @ 0x7ffffd043f80] 13          nuh_temporal_id_plus1                                     001 = 1
[trace_headers @ 0x7ffffd043f80] 16          pic_type                                                  001 = 1
[trace_headers @ 0x7ffffd043f80] 19          rbsp_stop_one_bit                                           1 = 1
[trace_headers @ 0x7ffffd043f80] 20          rbsp_alignment_zero_bit                                     0 = 0
[trace_headers @ 0x7ffffd043f80] 21          rbsp_alignment_zero_bit                                     0 = 0
[trace_headers @ 0x7ffffd043f80] 22          rbsp_alignment_zero_bit                                     0 = 0
[trace_headers @ 0x7ffffd043f80] 23          rbsp_alignment_zero_bit                                     0 = 0
[trace_headers @ 0x7ffffd043f80] Slice Segment Header
[trace_headers @ 0x7ffffd043f80] 0           forbidden_zero_bit                                          0 = 0
[trace_headers @ 0x7ffffd043f80] 1           nal_unit_type                                          000001 = 1
[trace_headers @ 0x7ffffd043f80] 7           nuh_layer_id                                           000000 = 0
[trace_headers @ 0x7ffffd043f80] 13          nuh_temporal_id_plus1                                     001 = 1
[trace_headers @ 0x7ffffd043f80] 16          first_slice_segment_in_pic_flag                             1 = 1
[trace_headers @ 0x7ffffd043f80] 17          slice_pic_parameter_set_id                                  1 = 0
[trace_headers @ 0x7ffffd043f80] 18          slice_type                                                010 = 1
[trace_headers @ 0x7ffffd043f80] 21          slice_pic_order_cnt_lsb                              00000111 = 7
[trace_headers @ 0x7ffffd043f80] 29          short_term_ref_pic_set_sps_flag                             0 = 0
[trace_headers @ 0x7ffffd043f80] 30          num_negative_pics                                         011 = 2
[trace_headers @ 0x7ffffd043f80] 33          num_positive_pics                                           1 = 0
[trace_headers @ 0x7ffffd043f80] 34          delta_poc_s0_minus1[0]                                      1 = 0
[trace_headers @ 0x7ffffd043f80] 35          used_by_curr_pic_s0_flag[0]                                 1 = 1
[trace_headers @ 0x7ffffd043f80] 36          delta_poc_s0_minus1[1]                                      1 = 0
[trace_headers @ 0x7ffffd043f80] 37          used_by_curr_pic_s0_flag[1]                                 1 = 1
[trace_headers @ 0x7ffffd043f80] 38          slice_temporal_mvp_enabled_flag                             1 = 1
[trace_headers @ 0x7ffffd043f80] 39          num_ref_idx_active_override_flag                            0 = 0
[trace_headers @ 0x7ffffd043f80] 40          five_minus_max_num_merge_cand                           00100 = 3
[trace_headers @ 0x7ffffd043f80] 45          slice_qp_delta                                        0001000 = 4
[trace_headers @ 0x7ffffd043f80] 52          slice_loop_filter_across_slices_enabled_flag                0 = 0
[trace_headers @ 0x7ffffd043f80] 53          alignment_bit_equal_to_one                                  1 = 1
[trace_headers @ 0x7ffffd043f80] 54          alignment_bit_equal_to_zero                                 0 = 0
[trace_headers @ 0x7ffffd043f80] 55          alignment_bit_equal_to_zero                                 0 = 0
[trace_headers @ 0x7ffffd043f80] Packet: 46179 bytes, no pts, dts 960000, duration 120000.
[trace_headers @ 0x7ffffd043f80] Access Unit Delimiter
[trace_headers @ 0x7ffffd043f80] 0           forbidden_zero_bit                                          0 = 0
[trace_headers @ 0x7ffffd043f80] 1           nal_unit_type                                          100011 = 35
[trace_headers @ 0x7ffffd043f80] 7           nuh_layer_id                                           000000 = 0
[trace_headers @ 0x7ffffd043f80] 13          nuh_temporal_id_plus1                                     001 = 1
[trace_headers @ 0x7ffffd043f80] 16          pic_type                                                  001 = 1
[trace_headers @ 0x7ffffd043f80] 19          rbsp_stop_one_bit                                           1 = 1
[trace_headers @ 0x7ffffd043f80] 20          rbsp_alignment_zero_bit                                     0 = 0
[trace_headers @ 0x7ffffd043f80] 21          rbsp_alignment_zero_bit                                     0 = 0
[trace_headers @ 0x7ffffd043f80] 22          rbsp_alignment_zero_bit                                     0 = 0
[trace_headers @ 0x7ffffd043f80] 23          rbsp_alignment_zero_bit                                     0 = 0
[trace_headers @ 0x7ffffd043f80] Slice Segment Header
[trace_headers @ 0x7ffffd043f80] 0           forbidden_zero_bit                                          0 = 0
[trace_headers @ 0x7ffffd043f80] 1           nal_unit_type                                          000001 = 1
[trace_headers @ 0x7ffffd043f80] 7           nuh_layer_id                                           000000 = 0
[trace_headers @ 0x7ffffd043f80] 13          nuh_temporal_id_plus1                                     001 = 1
[trace_headers @ 0x7ffffd043f80] 16          first_slice_segment_in_pic_flag                             1 = 1
[trace_headers @ 0x7ffffd043f80] 17          slice_pic_parameter_set_id                                  1 = 0
[trace_headers @ 0x7ffffd043f80] 18          slice_type                                                010 = 1
[trace_headers @ 0x7ffffd043f80] 21          slice_pic_order_cnt_lsb                              00001000 = 8
[trace_headers @ 0x7ffffd043f80] 29          short_term_ref_pic_set_sps_flag                             0 = 0
[trace_headers @ 0x7ffffd043f80] 30          num_negative_pics                                         011 = 2
[trace_headers @ 0x7ffffd043f80] 33          num_positive_pics                                           1 = 0
[trace_headers @ 0x7ffffd043f80] 34          delta_poc_s0_minus1[0]                                      1 = 0
[trace_headers @ 0x7ffffd043f80] 35          used_by_curr_pic_s0_flag[0]                                 1 = 1
[trace_headers @ 0x7ffffd043f80] 36          delta_poc_s0_minus1[1]                                      1 = 0
[trace_headers @ 0x7ffffd043f80] 37          used_by_curr_pic_s0_flag[1]                                 1 = 1
[trace_headers @ 0x7ffffd043f80] 38          slice_temporal_mvp_enabled_flag                             1 = 1
[trace_headers @ 0x7ffffd043f80] 39          num_ref_idx_active_override_flag                            0 = 0
[trace_headers @ 0x7ffffd043f80] 40          five_minus_max_num_merge_cand                           00100 = 3
[trace_headers @ 0x7ffffd043f80] 45          slice_qp_delta                                        0001000 = 4
[trace_headers @ 0x7ffffd043f80] 52          slice_loop_filter_across_slices_enabled_flag                0 = 0
[trace_headers @ 0x7ffffd043f80] 53          alignment_bit_equal_to_one                                  1 = 1
[trace_headers @ 0x7ffffd043f80] 54          alignment_bit_equal_to_zero                                 0 = 0
[trace_headers @ 0x7ffffd043f80] 55          alignment_bit_equal_to_zero                                 0 = 0
[trace_headers @ 0x7ffffd043f80] Packet: 43542 bytes, no pts, dts 1080000, duration 120000.
[trace_headers @ 0x7ffffd043f80] Access Unit Delimiter
[trace_headers @ 0x7ffffd043f80] 0           forbidden_zero_bit                                          0 = 0
[trace_headers @ 0x7ffffd043f80] 1           nal_unit_type                                          100011 = 35
[trace_headers @ 0x7ffffd043f80] 7           nuh_layer_id                                           000000 = 0
[trace_headers @ 0x7ffffd043f80] 13          nuh_temporal_id_plus1                                     001 = 1
[trace_headers @ 0x7ffffd043f80] 16          pic_type                                                  001 = 1
[trace_headers @ 0x7ffffd043f80] 19          rbsp_stop_one_bit                                           1 = 1
[trace_headers @ 0x7ffffd043f80] 20          rbsp_alignment_zero_bit                                     0 = 0
[trace_headers @ 0x7ffffd043f80] 21          rbsp_alignment_zero_bit                                     0 = 0
[trace_headers @ 0x7ffffd043f80] 22          rbsp_alignment_zero_bit                                     0 = 0
[trace_headers @ 0x7ffffd043f80] 23          rbsp_alignment_zero_bit                                     0 = 0
[trace_headers @ 0x7ffffd043f80] Slice Segment Header
[trace_headers @ 0x7ffffd043f80] 0           forbidden_zero_bit                                          0 = 0
[trace_headers @ 0x7ffffd043f80] 1           nal_unit_type                                          000001 = 1
[trace_headers @ 0x7ffffd043f80] 7           nuh_layer_id                                           000000 = 0
[trace_headers @ 0x7ffffd043f80] 13          nuh_temporal_id_plus1                                     001 = 1
[trace_headers @ 0x7ffffd043f80] 16          first_slice_segment_in_pic_flag                             1 = 1
[trace_headers @ 0x7ffffd043f80] 17          slice_pic_parameter_set_id                                  1 = 0
[trace_headers @ 0x7ffffd043f80] 18          slice_type                                                010 = 1
[trace_headers @ 0x7ffffd043f80] 21          slice_pic_order_cnt_lsb                              00001001 = 9
[trace_headers @ 0x7ffffd043f80] 29          short_term_ref_pic_set_sps_flag                             0 = 0
[trace_headers @ 0x7ffffd043f80] 30          num_negative_pics                                         011 = 2
[trace_headers @ 0x7ffffd043f80] 33          num_positive_pics                                           1 = 0
[trace_headers @ 0x7ffffd043f80] 34          delta_poc_s0_minus1[0]                                      1 = 0
[trace_headers @ 0x7ffffd043f80] 35          used_by_curr_pic_s0_flag[0]                                 1 = 1
[trace_headers @ 0x7ffffd043f80] 36          delta_poc_s0_minus1[1]                                      1 = 0
[trace_headers @ 0x7ffffd043f80] 37          used_by_curr_pic_s0_flag[1]                                 1 = 1
[trace_headers @ 0x7ffffd043f80] 38          slice_temporal_mvp_enabled_flag                             1 = 1
[trace_headers @ 0x7ffffd043f80] 39          num_ref_idx_active_override_flag                            0 = 0
[trace_headers @ 0x7ffffd043f80] 40          five_minus_max_num_merge_cand                           00100 = 3
[trace_headers @ 0x7ffffd043f80] 45          slice_qp_delta                                        0001000 = 4
[trace_headers @ 0x7ffffd043f80] 52          slice_loop_filter_across_slices_enabled_flag                1 = 1
[trace_headers @ 0x7ffffd043f80] 53          alignment_bit_equal_to_one                                  1 = 1
[trace_headers @ 0x7ffffd043f80] 54          alignment_bit_equal_to_zero                                 0 = 0
[trace_headers @ 0x7ffffd043f80] 55          alignment_bit_equal_to_zero                                 0 = 0
[out#0/null @ 0x7ffffce123c0] video:465kB audio:0kB subtitle:0kB other streams:0kB global headers:0kB muxing overhead: unknown
size=N/A time=00:00:00.90 bitrate=N/A speed= 118x    
